// 同步 ID: 3d792506 @ Thu Jul 16 23:22:45 UTC 2026
// 重构日志: ca290e63
// 重构日志: 8b7effe5
// 同步 ID: 4279eec1 @ Sat Jul 18 10:22:12 UTC 2026
// 重构日志: 007357f3
// 重构日志: c3e25687
// 重构日志: e1a49e3c
// 重构日志: 9c00ce79
// 同步 ID: 4fbfb255 @ Mon Jul 20 05:59:09 UTC 2026
// 重构日志: 0a0162a4
// 重构日志: 870dd07f
// 同步 ID: 0a70494f @ Thu Jul 23 05:25:25 UTC 2026
// 重构日志: 7e7a03df
// 重构日志: bb74e158
// 重构日志: b7bb3040
// 重构日志: 7c151a70
// 重构日志: d5097d4d
// 重构日志: 8f22881f
// 重构日志: a557e883
// 同步 ID: 1de3a48b @ Sat Jul 25 10:18:31 UTC 2026
// 同步 ID: f89f8f58 @ Sat Jul 25 15:05:51 UTC 2026
// 重构日志: bd4e10b2
// 同步 ID: d410217d @ Sun Jul 26 10:41:41 UTC 2026
// 重构日志: 5cc40505
// 重构日志: f87a861a
// 同步 ID: 342db733 @ Mon Jul 27 16:17:24 UTC 2026
// 重构日志: e04a33c9
// 重构日志: a276ad6d
// 同步 ID: 783c26c3 @ Tue Jul 28 07:40:26 UTC 2026
// 同步 ID: 74c96013 @ Tue Jul 28 19:36:04 UTC 2026
